Assembler report for vga1
Tue Dec 02 19:45:11 2025
Quartus Prime Version 18.1.0 Build 625 09/12/2018 SJ Lite Edition


---------------------
; Table of Contents ;
---------------------
  1. Legal Notice
  2. Assembler Summary
  3. Assembler Settings
  4. Assembler Generated Files
  5. Assembler Device Options: C:/Users/Robson Junior/PongGameFPGA/PongQuartus/output_files/vga1.sof
  6. Assembler Messages



----------------
; Legal Notice ;
----------------
Copyright (C) 2018  Intel Corporation. All rights reserved.
Your use of Intel Corporation's design tools, logic functions 
and other software and tools, and its AMPP partner logic 
functions, and any output files from any of the foregoing 
(including device programming or simulation files), and any 
associated documentation or information are expressly subject 
to the terms and conditions of the Intel Program License 
Subscription Agreement, the Intel Quartus Prime License Agreement,
the Intel FPGA IP License Agreement, or other applicable license
agreement, including, without limitation, that your use is for
the sole purpose of programming logic devices manufactured by
Intel and sold by Intel or its authorized distributors.  Please
refer to the applicable agreement for further details.



+---------------------------------------------------------------+
; Assembler Summary                                             ;
+-----------------------+---------------------------------------+
; Assembler Status      ; Successful - Tue Dec 02 19:45:11 2025 ;
; Revision Name         ; vga1                                  ;
; Top-level Entity Name ; vga1                                  ;
; Family                ; MAX 10                                ;
; Device                ; 10M50DAF484C7G                        ;
+-----------------------+---------------------------------------+


+----------------------------------+
; Assembler Settings               ;
+--------+---------+---------------+
; Option ; Setting ; Default Value ;
+--------+---------+---------------+


+-----------------------------------------------------------------------+
; Assembler Generated Files                                             ;
+-----------------------------------------------------------------------+
; File Name                                                             ;
+-----------------------------------------------------------------------+
; C:/Users/Robson Junior/PongGameFPGA/PongQuartus/output_files/vga1.sof ;
+-----------------------------------------------------------------------+


+-------------------------------------------------------------------------------------------------+
; Assembler Device Options: C:/Users/Robson Junior/PongGameFPGA/PongQuartus/output_files/vga1.sof ;
+----------------+--------------------------------------------------------------------------------+
; Option         ; Setting                                                                        ;
+----------------+--------------------------------------------------------------------------------+
; JTAG usercode  ; 0x002E3802                                                                     ;
; Checksum       ; 0x002E3802                                                                     ;
+----------------+--------------------------------------------------------------------------------+


+--------------------+
; Assembler Messages ;
+--------------------+
Info: *******************************************************************
Info: Running Quartus Prime Assembler
    Info: Version 18.1.0 Build 625 09/12/2018 SJ Lite Edition
    Info: Processing started: Tue Dec 02 19:45:04 2025
Info: Command: quartus_asm --read_settings_files=off --write_settings_files=off vga1 -c vga1
Warning (125092): Tcl Script File mult1.qip not found
    Info (125063): set_global_assignment -name QIP_FILE mult1.qip
Warning (125092): Tcl Script File rom1.qip not found
    Info (125063): set_global_assignment -name QIP_FILE rom1.qip
Warning (125092): Tcl Script File rom2.qip not found
    Info (125063): set_global_assignment -name QIP_FILE rom2.qip
Warning (125092): Tcl Script File comp1.qip not found
    Info (125063): set_global_assignment -name QIP_FILE comp1.qip
Warning (125092): Tcl Script File comp2.qip not found
    Info (125063): set_global_assignment -name QIP_FILE comp2.qip
Warning (125092): Tcl Script File comp3.qip not found
    Info (125063): set_global_assignment -name QIP_FILE comp3.qip
Warning (125092): Tcl Script File const1.qip not found
    Info (125063): set_global_assignment -name QIP_FILE const1.qip
Warning (125092): Tcl Script File onda.qip not found
    Info (125063): set_global_assignment -name QIP_FILE onda.qip
Warning (125092): Tcl Script File soma1.qip not found
    Info (125063): set_global_assignment -name QIP_FILE soma1.qip
Warning (125092): Tcl Script File const20.qip not found
    Info (125063): set_global_assignment -name QIP_FILE const20.qip
Warning (18236): Number of processors has not been specified which may cause overloading on shared machines.  Set the global assignment NUM_PARALLEL_PROCESSORS in your QSF to an appropriate value for best performance.
Info (115031): Writing out detailed assembly data for power analysis
Info (115030): Assembler is generating device programming files
Info: Quartus Prime Assembler was successful. 0 errors, 11 warnings
    Info: Peak virtual memory: 4678 megabytes
    Info: Processing ended: Tue Dec 02 19:45:11 2025
    Info: Elapsed time: 00:00:07
    Info: Total CPU time (on all processors): 00:00:06


